11280 labels -> E:\Vin_AI_THUC_CHIEN\K4-Track4-Day04-LiDAR-Sensor-Reality-Sprint\outputs\labels\health_labels.csv
count    11280.000
mean         0.722
std          0.331
min          0.000
25%          0.500
50%          0.854
75%          1.000
max          1.000
health_class
Healthy     6396
Critical    2647
Degraded    2237
train=3930  val=1020  features=11
[0]	validation_0-mae:0.28652
[200]	validation_0-mae:0.15397
[360]	validation_0-mae:0.15414
best_iteration=260  val_mae=0.1535
saved -> E:\Vin_AI_THUC_CHIEN\K4-Track4-Day04-LiDAR-Sensor-Reality-Sprint\health_model\model\model_xgb.json
test n=6330
           model  n_features    MAE   RMSE      R2  Pearson  Spearman  Accuracy  Precision  Recall     F1
       RuleBased          11 0.2543 0.3600 -0.2397   0.0154    0.0664    0.5226     0.2743  0.3518 0.3078
LinearRegression          11 0.1785 0.2299  0.4943   0.7118    0.6745    0.6264     0.6339  0.6322 0.6068
    RandomForest          11 0.1444 0.2017  0.6108   0.7936    0.7467    0.7226     0.6827  0.6903 0.6777
        LightGBM          11 0.1477 0.2057  0.5952   0.7877    0.7349    0.7172     0.6633  0.6765 0.6643
         XGBoost          11 0.1455 0.1991  0.6207   0.7964    0.7460    0.7329     0.6907  0.6963 0.6857
    XGBoost_grid          47 0.1548 0.2079  0.5866   0.7870    0.7379    0.7118     0.6756  0.6904 0.6713

XGBoost theo degradation:
degradation_type  degradation_level     n  true_mean  pred_mean    MAE
            blur                  1 422.0     0.9450     0.9259 0.0854
            blur                  2 422.0     0.8367     0.8244 0.1492
            blur                  3 422.0     0.6229     0.5808 0.2167
            blur                  4 422.0     0.2536     0.2015 0.1899
            dark                  1 422.0     0.9328     0.9283 0.0914
            dark                  2 422.0     0.7310     0.6880 0.2031
           noise                  1 422.0     0.9185     0.8950 0.1072
           noise                  2 422.0     0.7030     0.6355 0.2123
           noise                  3 422.0     0.3151     0.2594 0.2187
            none                  0 422.0     1.0000     0.9705 0.0295
    overexposure                  1 422.0     0.9820     0.9533 0.0542
    overexposure                  2 422.0     0.9095     0.8848 0.1159
            rain                  1 422.0     0.9459     0.8997 0.1005
            rain                  2 422.0     0.6903     0.6646 0.2132
            rain                  3 422.0     0.2192     0.2025 0.1952

Real rain: n=1000  pred health mean=0.966 (clean test mean=0.970)  Spearman(pred, proxy_recall)=-0.046 on n=646
